// Jest Snapshot v1, https://goo.gl/fbAQLP

exports[`exposes public api 1`] = `
Object {
  "MemoCache": [Function],
  "createMemo": [Function],
  "createPromiseMemo": [Function],
}
`;
